C0_rrf60 {'mean': 0.8289503365334977, 'measured_at100': 94.43333333333334, 'corpus_fit_seconds': 3.353681208798662, 'model_fit_seconds': 0.0, 'predict_seconds': 0.12521299999207258, 'config': {'kind': 'rrf', 'constant': 60}, 'fit_diagnostics': None}
C1_rrf10 {'mean': 0.8259107239816011, 'measured_at100': 94.22888888888889, 'corpus_fit_seconds': 3.353681208798662, 'model_fit_seconds': 0.0, 'predict_seconds': 0.29429999995045364, 'config': {'kind': 'rrf', 'constant': 10}, 'fit_diagnostics': None}
D0_global_shrink {'mean': 0.8230594322265483, 'measured_at100': 93.95333333333333, 'corpus_fit_seconds': 3.353681208798662, 'model_fit_seconds': 0.0, 'predict_seconds': 0.9981577079743147, 'config': {'kind': 'prior', 'config': {'strength': 10.0, 'exposure_power': 0, 'conditional': False, 'signed': False, 'study_balance': False, 'retrieval': 0.0}}, 'fit_diagnostics': None}
D1_global_coverage {'mean': 0.83772268208264, 'measured_at100': 94.83111111111111, 'corpus_fit_seconds': 3.353681208798662, 'model_fit_seconds': 0.0, 'predict_seconds': 0.6031446668785065, 'config': {'kind': 'prior', 'config': {'strength': 10.0, 'exposure_power': 0.5, 'conditional': False, 'signed': False, 'study_balance': False, 'retrieval': 0.0}}, 'fit_diagnostics': None}
D2_context_coverage {'mean': 0.8373959518999146, 'measured_at100': 95.39333333333333, 'corpus_fit_seconds': 3.353681208798662, 'model_fit_seconds': 0.0, 'predict_seconds': 1.2446958750952035, 'config': {'kind': 'prior', 'config': {'strength': 10.0, 'exposure_power': 0.5, 'conditional': True, 'signed': False, 'study_balance': False, 'retrieval': 0.0}}, 'fit_diagnostics': None}
D3_context_signed {'mean': 0.8374158445870598, 'measured_at100': 95.43777777777778, 'corpus_fit_seconds': 3.353681208798662, 'model_fit_seconds': 0.0, 'predict_seconds': 1.0153741659596562, 'config': {'kind': 'prior', 'config': {'strength': 10.0, 'exposure_power': 0.5, 'conditional': True, 'signed': True, 'study_balance': False, 'retrieval': 0.0}}, 'fit_diagnostics': None}
D4_context_exposure {'mean': 0.8402213444788024, 'measured_at100': 95.54, 'corpus_fit_seconds': 3.353681208798662, 'model_fit_seconds': 0.0, 'predict_seconds': 0.5862437079194933, 'config': {'kind': 'prior', 'config': {'strength': 10.0, 'exposure_power': 1, 'conditional': True, 'signed': True, 'study_balance': False, 'retrieval': 0.0}}, 'fit_diagnostics': None}
D5_study_context {'mean': 0.824124151903926, 'measured_at100': 94.1288888888889, 'corpus_fit_seconds': 3.353681208798662, 'model_fit_seconds': 0.0, 'predict_seconds': 1.2448810001369566, 'config': {'kind': 'prior', 'config': {'strength': 2, 'exposure_power': 0.5, 'conditional': True, 'signed': True, 'study_balance': True, 'retrieval': 0.0}}, 'fit_diagnostics': None}
D6_lexical_transfer {'mean': 0.8366474392788736, 'measured_at100': 95.44222222222223, 'corpus_fit_seconds': 3.353681208798662, 'model_fit_seconds': 0.0, 'predict_seconds': 6.166437417035922, 'config': {'kind': 'prior', 'config': {'strength': 10.0, 'exposure_power': 0.5, 'conditional': True, 'signed': True, 'study_balance': False, 'retrieval': 0.5}}, 'fit_diagnostics': None}
E0_external_signed {'mean': 0.8147380500829281, 'measured_at100': 93.9888888888889, 'corpus_fit_seconds': 3.353681208798662, 'model_fit_seconds': 2.9940587908495218, 'predict_seconds': 0.6471371250227094, 'config': {'kind': 'ranker', 'config': {'objective': 'regression', 'history': False}}, 'fit_diagnostics': {'candidate_rows': 238120, 'observed_rows': 196434, 'features': 18, 'unmeasured_in_hit_loss': False, 'training_publications': 93}}
E1_history_signed {'mean': 0.8236174149571217, 'measured_at100': 93.25111111111111, 'corpus_fit_seconds': 3.353681208798662, 'model_fit_seconds': 19.498732750071213, 'predict_seconds': 3.530839166836813, 'config': {'kind': 'ranker', 'config': {'objective': 'regression', 'history': True}}, 'fit_diagnostics': {'candidate_rows': 238120, 'observed_rows': 196434, 'features': 57, 'unmeasured_in_hit_loss': False, 'training_publications': 93}}
E2_history_lambdarank {'mean': 0.8437034312356188, 'measured_at100': 94.46, 'corpus_fit_seconds': 3.353681208798662, 'model_fit_seconds': 8.830386499874294, 'predict_seconds': 0.5651904589030892, 'config': {'kind': 'ranker', 'config': {'objective': 'lambdarank', 'history': True}}, 'fit_diagnostics': {'candidate_rows': 238120, 'observed_rows': 196434, 'features': 57, 'unmeasured_in_hit_loss': False, 'training_publications': 93}}
E3_history_coverage {'mean': 0.8341109039260703, 'measured_at100': 93.80888888888889, 'corpus_fit_seconds': 3.353681208798662, 'model_fit_seconds': 6.439525415888056, 'predict_seconds': 0.5335536669008434, 'config': {'kind': 'ranker', 'config': {'objective': 'regression', 'history': True, 'coverage': True}}, 'fit_diagnostics': {'candidate_rows': 238120, 'observed_rows': 196434, 'features': 57, 'unmeasured_in_hit_loss': False, 'training_publications': 93}}
E4_augmented_signed {'mean': 0.8267385447092571, 'measured_at100': 93.78222222222222, 'corpus_fit_seconds': 3.353681208798662, 'model_fit_seconds': 27.64754404197447, 'predict_seconds': 5.009071500040591, 'config': {'kind': 'ranker', 'config': {'objective': 'regression', 'history': True, 'augment': True, 'coverage': True}}, 'fit_diagnostics': {'candidate_rows': 304065, 'observed_rows': 245633, 'features': 57, 'unmeasured_in_hit_loss': False, 'training_publications': 93}}
C0_rrf60 {'mean': 0.7068357969420642, 'measured_at100': 92.05333333333333, 'corpus_fit_seconds': 4.956853457959369, 'model_fit_seconds': 0.0, 'predict_seconds': 0.1246057499665767, 'config': {'kind': 'rrf', 'constant': 60}, 'fit_diagnostics': None}
C1_rrf10 {'mean': 0.7067250928439835, 'measured_at100': 91.82222222222222, 'corpus_fit_seconds': 4.956853457959369, 'model_fit_seconds': 0.0, 'predict_seconds': 0.16552995890378952, 'config': {'kind': 'rrf', 'constant': 10}, 'fit_diagnostics': None}
D0_global_shrink {'mean': 0.640991119028093, 'measured_at100': 84.74, 'corpus_fit_seconds': 4.956853457959369, 'model_fit_seconds': 0.0, 'predict_seconds': 0.6209295419976115, 'config': {'kind': 'prior', 'config': {'strength': 10.0, 'exposure_power': 0, 'conditional': False, 'signed': False, 'study_balance': False, 'retrieval': 0.0}}, 'fit_diagnostics': None}
D1_global_coverage {'mean': 0.6847930078002252, 'measured_at100': 91.53777777777778, 'corpus_fit_seconds': 4.956853457959369, 'model_fit_seconds': 0.0, 'predict_seconds': 0.9982214579358697, 'config': {'kind': 'prior', 'config': {'strength': 10.0, 'exposure_power': 0.5, 'conditional': False, 'signed': False, 'study_balance': False, 'retrieval': 0.0}}, 'fit_diagnostics': None}
D2_context_coverage {'mean': 0.7271000054309353, 'measured_at100': 91.83333333333333, 'corpus_fit_seconds': 4.956853457959369, 'model_fit_seconds': 0.0, 'predict_seconds': 1.3344697919674218, 'config': {'kind': 'prior', 'config': {'strength': 10.0, 'exposure_power': 0.5, 'conditional': True, 'signed': False, 'study_balance': False, 'retrieval': 0.0}}, 'fit_diagnostics': None}
D3_context_signed {'mean': 0.7267558907784629, 'measured_at100': 91.7688888888889, 'corpus_fit_seconds': 4.956853457959369, 'model_fit_seconds': 0.0, 'predict_seconds': 0.6560539160855114, 'config': {'kind': 'prior', 'config': {'strength': 10.0, 'exposure_power': 0.5, 'conditional': True, 'signed': True, 'study_balance': False, 'retrieval': 0.0}}, 'fit_diagnostics': None}
D4_context_exposure {'mean': 0.7259454047510825, 'measured_at100': 91.95555555555555, 'corpus_fit_seconds': 4.956853457959369, 'model_fit_seconds': 0.0, 'predict_seconds': 1.4429566250182688, 'config': {'kind': 'prior', 'config': {'strength': 10.0, 'exposure_power': 1, 'conditional': True, 'signed': True, 'study_balance': False, 'retrieval': 0.0}}, 'fit_diagnostics': None}
D5_study_context {'mean': 0.6583895436968904, 'measured_at100': 90.44222222222223, 'corpus_fit_seconds': 4.956853457959369, 'model_fit_seconds': 0.0, 'predict_seconds': 1.4610035000368953, 'config': {'kind': 'prior', 'config': {'strength': 2, 'exposure_power': 0.5, 'conditional': True, 'signed': True, 'study_balance': True, 'retrieval': 0.0}}, 'fit_diagnostics': None}
D6_lexical_transfer {'mean': 0.7251965499642834, 'measured_at100': 91.73555555555555, 'corpus_fit_seconds': 4.956853457959369, 'model_fit_seconds': 0.0, 'predict_seconds': 5.670440499903634, 'config': {'kind': 'prior', 'config': {'strength': 10.0, 'exposure_power': 0.5, 'conditional': True, 'signed': True, 'study_balance': False, 'retrieval': 0.5}}, 'fit_diagnostics': None}
E0_external_signed {'mean': 0.6896134033889769, 'measured_at100': 91.78222222222222, 'corpus_fit_seconds': 4.956853457959369, 'model_fit_seconds': 2.689910416956991, 'predict_seconds': 0.42784820892848074, 'config': {'kind': 'ranker', 'config': {'objective': 'regression', 'history': False}}, 'fit_diagnostics': {'candidate_rows': 234766, 'observed_rows': 195920, 'features': 18, 'unmeasured_in_hit_loss': False, 'training_publications': 92}}
E1_history_signed {'mean': 0.7248224597511422, 'measured_at100': 91.04444444444445, 'corpus_fit_seconds': 4.956853457959369, 'model_fit_seconds': 24.783648082986474, 'predict_seconds': 7.560473833000287, 'config': {'kind': 'ranker', 'config': {'objective': 'regression', 'history': True}}, 'fit_diagnostics': {'candidate_rows': 234766, 'observed_rows': 195920, 'features': 57, 'unmeasured_in_hit_loss': False, 'training_publications': 92}}
E2_history_lambdarank {'mean': 0.7398617366912792, 'measured_at100': 91.86222222222223, 'corpus_fit_seconds': 4.956853457959369, 'model_fit_seconds': 4.509133165935054, 'predict_seconds': 0.523451582994312, 'config': {'kind': 'ranker', 'config': {'objective': 'lambdarank', 'history': True}}, 'fit_diagnostics': {'candidate_rows': 234766, 'observed_rows': 195920, 'features': 57, 'unmeasured_in_hit_loss': False, 'training_publications': 92}}
E3_history_coverage {'mean': 0.728731323412163, 'measured_at100': 91.56, 'corpus_fit_seconds': 4.956853457959369, 'model_fit_seconds': 8.69669716595672, 'predict_seconds': 0.957037250045687, 'config': {'kind': 'ranker', 'config': {'objective': 'regression', 'history': True, 'coverage': True}}, 'fit_diagnostics': {'candidate_rows': 234766, 'observed_rows': 195920, 'features': 57, 'unmeasured_in_hit_loss': False, 'training_publications': 92}}
E4_augmented_signed {'mean': 0.7332524190139424, 'measured_at100': 91.65777777777778, 'corpus_fit_seconds': 4.956853457959369, 'model_fit_seconds': 27.057263874914497, 'predict_seconds': 9.456212125020102, 'config': {'kind': 'ranker', 'config': {'objective': 'regression', 'history': True, 'augment': True, 'coverage': True}}, 'fit_diagnostics': {'candidate_rows': 301300, 'observed_rows': 246161, 'features': 57, 'unmeasured_in_hit_loss': False, 'training_publications': 92}}
C0_rrf60 {'mean': 0.3085651072164821, 'measured_at100': 78.15144766146993, 'corpus_fit_seconds': 3.520173666998744, 'model_fit_seconds': 0.0, 'predict_seconds': 0.12745808414183557, 'config': {'kind': 'rrf', 'constant': 60}, 'fit_diagnostics': None}
C1_rrf10 {'mean': 0.31661645666088717, 'measured_at100': 77.56347438752783, 'corpus_fit_seconds': 3.520173666998744, 'model_fit_seconds': 0.0, 'predict_seconds': 0.16721812495961785, 'config': {'kind': 'rrf', 'constant': 10}, 'fit_diagnostics': None}
D0_global_shrink {'mean': 0.18722718481697656, 'measured_at100': 63.91759465478842, 'corpus_fit_seconds': 3.520173666998744, 'model_fit_seconds': 0.0, 'predict_seconds': 1.0625643329694867, 'config': {'kind': 'prior', 'config': {'strength': 10.0, 'exposure_power': 0, 'conditional': False, 'signed': False, 'study_balance': False, 'retrieval': 0.0}}, 'fit_diagnostics': None}
D1_global_coverage {'mean': 0.19122004341176832, 'measured_at100': 65.26280623608018, 'corpus_fit_seconds': 3.520173666998744, 'model_fit_seconds': 0.0, 'predict_seconds': 1.1408688749652356, 'config': {'kind': 'prior', 'config': {'strength': 10.0, 'exposure_power': 0.5, 'conditional': False, 'signed': False, 'study_balance': False, 'retrieval': 0.0}}, 'fit_diagnostics': None}
D2_context_coverage {'mean': 0.20565719650041192, 'measured_at100': 67.39198218262806, 'corpus_fit_seconds': 3.520173666998744, 'model_fit_seconds': 0.0, 'predict_seconds': 0.8324364579748362, 'config': {'kind': 'prior', 'config': {'strength': 10.0, 'exposure_power': 0.5, 'conditional': True, 'signed': False, 'study_balance': False, 'retrieval': 0.0}}, 'fit_diagnostics': None}
D3_context_signed {'mean': 0.2056903177413504, 'measured_at100': 65.94432071269487, 'corpus_fit_seconds': 3.520173666998744, 'model_fit_seconds': 0.0, 'predict_seconds': 1.118488207925111, 'config': {'kind': 'prior', 'config': {'strength': 10.0, 'exposure_power': 0.5, 'conditional': True, 'signed': True, 'study_balance': False, 'retrieval': 0.0}}, 'fit_diagnostics': None}
D4_context_exposure {'mean': 0.2077086487984429, 'measured_at100': 67.71046770601336, 'corpus_fit_seconds': 3.520173666998744, 'model_fit_seconds': 0.0, 'predict_seconds': 1.1495703340042382, 'config': {'kind': 'prior', 'config': {'strength': 10.0, 'exposure_power': 1, 'conditional': True, 'signed': True, 'study_balance': False, 'retrieval': 0.0}}, 'fit_diagnostics': None}
D5_study_context {'mean': 0.19344984586984854, 'measured_at100': 64.94432071269487, 'corpus_fit_seconds': 3.520173666998744, 'model_fit_seconds': 0.0, 'predict_seconds': 1.4821514170616865, 'config': {'kind': 'prior', 'config': {'strength': 2, 'exposure_power': 0.5, 'conditional': True, 'signed': True, 'study_balance': True, 'retrieval': 0.0}}, 'fit_diagnostics': None}
D6_lexical_transfer {'mean': 0.199142566521994, 'measured_at100': 65.08240534521158, 'corpus_fit_seconds': 3.520173666998744, 'model_fit_seconds': 0.0, 'predict_seconds': 3.7383107498753816, 'config': {'kind': 'prior', 'config': {'strength': 10.0, 'exposure_power': 0.5, 'conditional': True, 'signed': True, 'study_balance': False, 'retrieval': 0.5}}, 'fit_diagnostics': None}
E0_external_signed {'mean': 0.2809634599145472, 'measured_at100': 76.95768374164811, 'corpus_fit_seconds': 3.520173666998744, 'model_fit_seconds': 2.562706541037187, 'predict_seconds': 0.4219790829811245, 'config': {'kind': 'ranker', 'config': {'objective': 'regression', 'history': False}}, 'fit_diagnostics': {'candidate_rows': 234418, 'observed_rows': 214114, 'features': 18, 'unmeasured_in_hit_loss': False, 'training_publications': 83}}
E1_history_signed {'mean': 0.32162676816197366, 'measured_at100': 77.35634743875278, 'corpus_fit_seconds': 3.520173666998744, 'model_fit_seconds': 27.302467833971605, 'predict_seconds': 9.512375291902572, 'config': {'kind': 'ranker', 'config': {'objective': 'regression', 'history': True}}, 'fit_diagnostics': {'candidate_rows': 234418, 'observed_rows': 214114, 'features': 57, 'unmeasured_in_hit_loss': False, 'training_publications': 83}}
E2_history_lambdarank {'mean': 0.3297654640917986, 'measured_at100': 77.61469933184856, 'corpus_fit_seconds': 3.520173666998744, 'model_fit_seconds': 9.10558162513189, 'predict_seconds': 0.637634291080758, 'config': {'kind': 'ranker', 'config': {'objective': 'lambdarank', 'history': True}}, 'fit_diagnostics': {'candidate_rows': 234418, 'observed_rows': 214114, 'features': 57, 'unmeasured_in_hit_loss': False, 'training_publications': 83}}
E3_history_coverage {'mean': 0.32094192030455243, 'measured_at100': 77.95100222717149, 'corpus_fit_seconds': 3.520173666998744, 'model_fit_seconds': 7.333750833990052, 'predict_seconds': 0.9577505828347057, 'config': {'kind': 'ranker', 'config': {'objective': 'regression', 'history': True, 'coverage': True}}, 'fit_diagnostics': {'candidate_rows': 234418, 'observed_rows': 214114, 'features': 57, 'unmeasured_in_hit_loss': False, 'training_publications': 83}}
E4_augmented_signed {'mean': 0.29838985443897964, 'measured_at100': 73.33184855233853, 'corpus_fit_seconds': 3.520173666998744, 'model_fit_seconds': 28.93965091696009, 'predict_seconds': 7.655901832971722, 'config': {'kind': 'ranker', 'config': {'objective': 'regression', 'history': True, 'augment': True, 'coverage': True}}, 'fit_diagnostics': {'candidate_rows': 287717, 'observed_rows': 262584, 'features': 57, 'unmeasured_in_hit_loss': False, 'training_publications': 83}}
C0_rrf60 {'mean': 0.17912493042590089, 'measured_at100': 81.8302752293578, 'corpus_fit_seconds': 11.043536332901567, 'model_fit_seconds': 0.0, 'predict_seconds': 0.03680670796893537, 'config': {'kind': 'rrf', 'constant': 60}, 'fit_diagnostics': None}
D4_context_exposure {'mean': 0.10634837931626621, 'measured_at100': 53.403669724770644, 'corpus_fit_seconds': 11.043536332901567, 'model_fit_seconds': 0.0, 'predict_seconds': 0.5478644161485136, 'config': {'kind': 'prior', 'config': {'strength': 10.0, 'exposure_power': 1, 'conditional': True, 'signed': True, 'study_balance': False, 'retrieval': 0.0}}, 'fit_diagnostics': None}
Traceback (most recent call last):
  File "/Users/sahaj/Documents/Projects/SplicR/engine/analysis/advanced_development.py", line 190, in <module>
    select() if args.phase=='select' else replay(args.repetition)
    ^^^^^^^^
  File "/Users/sahaj/Documents/Projects/SplicR/engine/analysis/advanced_development.py", line 149, in select
    rows,summary=run_models(training,validation,external,OUT/'validation',selected)
                 ^^^^^^^^^^^^^^^^^^^^^^^^^^^^^^^^^^^^^^^^^^^^^^^^^^^^^^^^^^^^^^^^^^
  File "/Users/sahaj/Documents/Projects/SplicR/engine/analysis/advanced_development.py", line 97, in run_models
    model=ContextRanker(**RANKERS[name]).fit(training,external,corpus)
          ^^^^^^^^^^^^^^^^^^^^^^^^^^^^^^^^^^^^^^^^^^^^^^^^^^^^^^^^^^^^
  File "/Users/sahaj/Documents/Projects/SplicR/engine/splicr/context_ranking.py", line 216, in fit
    genes,x=self.features(context,{e:expert_predictions[e][name] for e in EXPERTS},corpus)
            ^^^^^^^^^^^^^^^^^^^^^^^^^^^^^^^^^^^^^^^^^^^^^^^^^^^^^^^^^^^^^^^^^^^^^^^^^^^^^^
  File "/Users/sahaj/Documents/Projects/SplicR/engine/splicr/context_ranking.py", line 207, in features
    if self.history:x=np.column_stack([x,corpus.feature_matrix(context,genes)])
                                         ^^^^^^^^^^^^^^^^^^^^^^^^^^^^^^^^^^^^
  File "/Users/sahaj/Documents/Projects/SplicR/engine/splicr/context_ranking.py", line 137, in feature_matrix
    values = [np.log1p(n), (h+10*parent_positive)/(n+10),
              ^^^^^^^^^^^
KeyboardInterrupt
