
> @splicr/web@0.1.0 build
> node ../../scripts/research/evidence_gate.mjs --check-public && next build --webpack

{"snapshot":"20260927-retrospective-checkpoint","status":"verified_existing_retrospective_snapshot"}
▲ Next.js 16.3.6 (webpack)
- Environments: .env.local
✓ Running next.config.ts took 59ms

  Creating an optimized production build ...
✓ Compiled successfully in 13.1s
  Running TypeScript ...
  Finished TypeScript in 4.6s ...
  Collecting page data using 9 workers ...
  Generating static pages using 9 workers (0/21) ...
  Generating static pages using 9 workers (5/21) 
  Generating static pages using 9 workers (10/21) 
  Generating static pages using 9 workers (15/21) 
✓ Generating static pages using 9 workers (21/21) in 1760ms
  Finalizing page optimization ...
  Collecting build traces ...

Route (app)
┌ ○ /
├ ○ /_not-found
├ ○ /about
├ ƒ /api/demo
├ ƒ /api/report/[id]
├ ƒ /api/v1/hits
├ ƒ /auth/callback
├ ƒ /auth/signout
├ ○ /careers
├ ○ /contact
├ ƒ /dashboard
├ ƒ /dashboard/atlas
├ ƒ /dashboard/connect
├ ƒ /dashboard/planner
├ ƒ /dashboard/screens
├ ƒ /dashboard/screens/[id]
├ ƒ /dashboard/settings
├ ƒ /dashboard/settings/members
├ ƒ /dashboard/upload
├ ƒ /dashboard/validation
├ ○ /evidence
├ ○ /icon.png
├ ƒ /invite/[token]
├ ○ /login
├ ○ /opengraph-image.png
├ ○ /pipeline
├ ○ /signup
├ ○ /technology
└ ○ /twitter-image.png


ƒ Proxy (Middleware)

○  (Static)   prerendered as static content
ƒ  (Dynamic)  server-rendered on demand

