
> @splicr/web@0.1.0 build
> node ../../scripts/research/evidence_gate.mjs --check-public && next build

{"snapshot":"20260927-retrospective-checkpoint","status":"verified_existing_retrospective_snapshot"}
▲ Next.js 16.3.6 (Turbopack)
- Environments: .env.local
✓ Running next.config.ts took 94ms

  Creating an optimized production build ...

-----
[1m[31mFATAL[39m[0m: An unexpected Turbopack error occurred. A panic log has been written to /var/folders/l9/glz7f1x57ss323fqljbd_lrw0000gn/T/next-panic-3ffdc17a8d10c7c01eed60cf01aabe99.log.

To help make Turbopack better, report this error by ]8;;https://bugs.nextjs.org/search?category=turbopack-error-report&title=Turbopack%20Error%3A%20%5Bproject%5D%2Fapps%2Fweb%2Fsrc%2Fapp%2Fglobals.css%20%5Bapp-client%5D%20%28css%29&body=Turbopack%20version%3A%20%60a758ffcf%60%0ANext.js%20version%3A%20%600.0.0%60%0A%0AError%20message%3A%0A%60%60%60%0A%5Bproject%5D%2Fapps%2Fweb%2Fsrc%2Fapp%2Fglobals.css%20%5Bapp-client%5D%20%28css%29%0A%0ACaused%20by%3A%0A-%20creating%20new%20process%0A-%20binding%20to%20a%20port%0A-%20Operation%20not%20permitted%20%28os%20error%201%29%0A%0ADebug%20info%3A%0A-%20Execution%20of%20get_all_written_entrypoints_with_issues_operation%20failed%0A-%20Execution%20of%20EntrypointsOperation%3A%3Anew%20failed%0A-%20Execution%20of%20all_entrypoints_write_to_disk_operation%20failed%0A-%20Execution%20of%20output_assets_operation%20failed%0A-%20Execution%20of%20%3CMiddlewareEndpoint%20as%20Endpoint%3E%3A%3Aoutput%20failed%0A-%20Execution%20of%20MiddlewareEndpoint%3A%3Aoutput_assets%20failed%0A-%20Execution%20of%20MiddlewareEndpoint%3A%3Anode_chunk%20failed%0A-%20Execution%20of%20%2A%3CNodeJsChunkingContext%20as%20ChunkingContext%3E%3A%3Aentry_chunk_group%20failed%0A-%20Execution%20of%20Project%3A%3Aserver_chunking_context%20failed%0A-%20Execution%20of%20%2Aget_server_chunking_context%20failed%0A-%20Execution%20of%20Project%3A%3Amodule_ids%20failed%0A-%20Execution%20of%20whole_app_module_graph_operation%20failed%0A-%20Execution%20of%20%2AProject%3A%3Aget_all_additional_entries%20failed%0A-%20Execution%20of%20ModuleGraph%3A%3Afrom_graphs%20failed%0A-%20Execution%20of%20ModuleGraph%3A%3Afrom_graphs_inner%20failed%0A-%20Execution%20of%20SingleModuleGraph%3A%3Anew_with_entries%20failed%0A-%20%5Bproject%5D%2Fapps%2Fweb%2Fsrc%2Fapp%2Fglobals.css%20%5Bapp-client%5D%20%28css%29%0A-%20Execution%20of%20primary_chunkable_referenced_modules%20failed%0A-%20Execution%20of%20%3CCssModule%20as%20Module%3E%3A%3Areferences%20failed%0A-%20Execution%20of%20parse_css%20failed%0A-%20Execution%20of%20%3CPostCssTransformedAsset%20as%20Asset%3E%3A%3Acontent%20failed%0A-%20Execution%20of%20PostCssTransformedAsset%3A%3Aprocess%20failed%0A-%20Execution%20of%20evaluate_webpack_loader%20failed%0A-%20creating%20new%20process%0A-%20binding%20to%20a%20port%0A-%20Operation%20not%20permitted%20%28os%20error%201%29%0A%60%60%60&labels=Turbopack,Turbopack%20Panic%20Backtrace\clicking here.]8;;\
-----


> Build error occurred
Error [TurbopackInternalError]: [project]/apps/web/src/app/globals.css [app-client] (css)

Caused by:
- creating new process
- binding to a port
- Operation not permitted (os error 1)

Debug info:
- Execution of get_all_written_entrypoints_with_issues_operation failed
- Execution of EntrypointsOperation::new failed
- Execution of all_entrypoints_write_to_disk_operation failed
- Execution of output_assets_operation failed
- Execution of <MiddlewareEndpoint as Endpoint>::output failed
- Execution of MiddlewareEndpoint::output_assets failed
- Execution of MiddlewareEndpoint::node_chunk failed
- Execution of *<NodeJsChunkingContext as ChunkingContext>::entry_chunk_group failed
- Execution of Project::server_chunking_context failed
- Execution of *get_server_chunking_context failed
- Execution of Project::module_ids failed
- Execution of whole_app_module_graph_operation failed
- Execution of *Project::get_all_additional_entries failed
- Execution of ModuleGraph::from_graphs failed
- Execution of ModuleGraph::from_graphs_inner failed
- Execution of SingleModuleGraph::new_with_entries failed
- [project]/apps/web/src/app/globals.css [app-client] (css)
- Execution of primary_chunkable_referenced_modules failed
- Execution of <CssModule as Module>::references failed
- Execution of parse_css failed
- Execution of <PostCssTransformedAsset as Asset>::content failed
- Execution of PostCssTransformedAsset::process failed
- Execution of evaluate_webpack_loader failed
- creating new process
- binding to a port
- Operation not permitted (os error 1)
    at <unknown> (TurbopackInternalError: [project]/apps/web/src/app/globals.css [app-client] (css)) {
  type: 'TurbopackInternalError',
  location: undefined
}
npm error Lifecycle script `build` failed with error:
npm error code 1
npm error path /Users/sahaj/Documents/Projects/SplicR/apps/web
npm error workspace @splicr/web@0.1.0
npm error location /Users/sahaj/Documents/Projects/SplicR/apps/web
npm error command failed
npm error command sh -c node ../../scripts/research/evidence_gate.mjs --check-public && next build
